// Jest Snapshot v1, https://goo.gl/fbAQLP

exports[`Button component should render correctly 1`] = `
.c0 {
  background-color: #000000;
  color: #ffffff;
  border: none;
  border-color: #ffffff;
  border-width: 2px;
  border-radius: 4px;
  margin: 0px;
  padding: 10px 20px;
  font-weight: bold;
  outline: none;
}

.c0:hover {
  cursor: pointer;
  color: #f6f6f6;
}

.c0[disabled] {
  background-color: #d9d9d9;
  border-color: #8c8989;
  color: #f0eded;
}

.c0[disabled]:hover {
  cursor: auto;
}

<button
  className="c0"
  disabled={false}
  onClick={[Function]}
  type="button"
>
  TITLE
</button>
`;
