// Jest Snapshot v1, https://goo.gl/fbAQLP

exports[`Select component should render correctly 1`] = `
.c2 {
  display: inline-block;
  vertical-align: middle;
  overflow: hidden;
}

.c1 {
  background-color: #000000;
  color: #ffffff;
  width: 100%;
  padding: 15px;
  display: -webkit-box;
  display: -webkit-flex;
  display: -ms-flexbox;
  display: flex;
  -webkit-box-pack: justify;
  -webkit-justify-content: space-between;
  -ms-flex-pack: justify;
  justify-content: space-between;
  box-sizing: border-box;
}

.c0 {
  margin: 0px;
  position: relative;
  width: 200px;
}

<div
  className="c0"
>
  <div
    className="c1"
    onClick={[Function]}
  >
    foo
    <svg
      aria-hidden="true"
      className="c2"
      fill="currentColor"
      focusable="false"
      style={
        Object {
          "width": "15px",
        }
      }
      viewBox="0 0 24 24"
      xmlns="http://www.w3.org/2000/svg"
    >
      <path
        d="M11.178 19.569a.998.998 0 001.644 0l9-13A.999.999 0 0021 5H3a1.002 1.002 0 00-.822 1.569l9 13z"
      />
    </svg>
  </div>
</div>
`;
