// Jest Snapshot v1, https://goo.gl/fbAQLP

exports[`<Stepper should render corectly 1`] = `
.c1 {
  position: relative;
  display: -webkit-box;
  display: -webkit-flex;
  display: -ms-flexbox;
  display: flex;
  -webkit-flex-direction: column;
  -ms-flex-direction: column;
  flex-direction: column;
  -webkit-box-pack: justify;
  -webkit-justify-content: space-between;
  -ms-flex-pack: justify;
  justify-content: space-between;
  -webkit-align-items: center;
  -webkit-box-align: center;
  -ms-flex-align: center;
  align-items: center;
  width: 100%;
  height: 300px;
}

.c1:after {
  content: " ";
  position: absolute;
  left: 50%;
  top: calc(50% + 35px);
  width: 100%;
  height: 3px;
  background-color: #000000;
  z-index: -1;
}

.c1:last-child:after {
  display: none;
}

.c2 {
  width: 112px;
  height: 90px;
  fill: red;
}

.c3 {
  position: relative;
  display: -webkit-box;
  display: -webkit-flex;
  display: -ms-flexbox;
  display: flex;
  -webkit-box-pack: center;
  -webkit-justify-content: center;
  -ms-flex-pack: center;
  justify-content: center;
  -webkit-align-items: center;
  -webkit-box-align: center;
  -ms-flex-align: center;
  align-items: center;
  width: 70px;
  height: 70px;
  border-radius: 50%;
  border-color: #000000;
  border-width: 3px;
  border-style: solid;
  background-color: #000000;
}

.c3:after {
  content: '';
  position: absolute;
  top: 9px;
  color: #fff;
  width: 20px;
  height: 30px;
  border: solid #fff;
  border-width: 0 2px 2px 0;
  -webkit-transform: rotate(45deg);
  -ms-transform: rotate(45deg);
  transform: rotate(45deg);
}

.c4 {
  font-weight: 500;
}

.c0 {
  display: -webkit-box;
  display: -webkit-flex;
  display: -ms-flexbox;
  display: flex;
  -webkit-box-pack: center;
  -webkit-justify-content: center;
  -ms-flex-pack: center;
  justify-content: center;
  -webkit-align-items: center;
  -webkit-box-align: center;
  -ms-flex-align: center;
  align-items: center;
}

<div
  className="c0"
>
  <div
    className="c1"
    color="primary"
    height="300px"
    width="100%"
  >
    <img
      alt="step-image"
      className="c2"
      src="register.svg"
    />
    <div
      className="c3"
      color="primary"
    />
    <span
      className="c4"
    >
      test
    </span>
  </div>
</div>
`;
