// Jest Snapshot v1, https://goo.gl/fbAQLP

exports[`<Label /> should render corectly 1`] = `
.c0 {
  display: -webkit-box;
  display: -webkit-flex;
  display: -ms-flexbox;
  display: flex;
  cursor: pointer;
  position: relative;
  -webkit-align-items: center;
  -webkit-box-align: center;
  -ms-flex-align: center;
  align-items: center;
}

<label
  className="c0"
/>
`;
