// Jest Snapshot v1, https://goo.gl/fbAQLP

exports[`<Step /> should render corectly 1`] = `
.c0 {
  position: relative;
  display: -webkit-box;
  display: -webkit-flex;
  display: -ms-flexbox;
  display: flex;
  -webkit-flex-direction: column;
  -ms-flex-direction: column;
  flex-direction: column;
  -webkit-box-pack: justify;
  -webkit-justify-content: space-between;
  -ms-flex-pack: justify;
  justify-content: space-between;
  -webkit-align-items: center;
  -webkit-box-align: center;
  -ms-flex-align: center;
  align-items: center;
}

.c0:after {
  content: " ";
  position: absolute;
  left: 50%;
  top: calc(50% + 35px);
  width: 100%;
  height: 3px;
  background-color: #000000;
  z-index: -1;
}

.c0:last-child:after {
  display: none;
}

<div
  className="c0"
  color="primary"
/>
`;
