// Jest Snapshot v1, https://goo.gl/fbAQLP

exports[`Wishlist component should render correctly 1`] = `
.c1 {
  color: #000000;
  font-size: 16px;
  line-height: 1.5;
  font-weight: 600;
  text-align: justify;
}

.c2 {
  color: #000000;
  font-size: 16px;
  line-height: 1.5;
  font-weight: normal;
  text-align: justify;
}

.c0 {
  object-fit: cover;
  width: 100%;
  height: 100%;
}

.c4 {
  display: inline-block;
  vertical-align: -.125em;
  overflow: hidden;
}

.c6 {
  display: inline-block;
  vertical-align: middle;
  overflow: hidden;
}

.c5 {
  color: #ffffff;
  background-color: #000000;
  width: 32px;
  padding: 7px;
  border-radius: 5px;
  -webkit-transition: -webkit-transform .2s;
  -webkit-transition: transform .2s;
  transition: transform .2s;
  -webkit-transform: scale(1);
  -ms-transform: scale(1);
  transform: scale(1);
  cursor: pointer;
}

.c5:hover {
  -webkit-transform: scale(1);
  -ms-transform: scale(1);
  transform: scale(1);
}

.c3 {
  height: 32px;
  width: 32px;
}

.c7 {
  color: #000000;
  width: 30px;
  position: absolute;
  top: 0;
  right: 0;
  cursor: pointer;
}

<div>
  <div
    className="undefined wishlistItem"
    onClick={[Function]}
  >
    <div
      className="wishlistItem__imageWrapper"
    >
      <img
        alt="Blue summer hat"
        className="c0"
        src="https://cdn.pixabay.com/photo/2015/10/13/03/39/fashion-985556_1280.jpg"
      />
    </div>
    <div
      className="wishlistItem__textWrapper"
    >
      <p
        className="c1"
      >
        Blue summer hat
      </p>
      <p
        className="c2"
      >
        25.00 EUR
      </p>
      <div
        className="c3 wishlistItem__cartIcon undefined"
        width={32}
      >
        <svg
          aria-hidden="true"
          className="c4 c5 cartIconContainer--nolabel"
          color="primary"
          fill="currentColor"
          focusable="false"
          onClick={[Function]}
          viewBox="0 0 576 512"
          width={32}
          xmlns="http://www.w3.org/2000/svg"
        >
          <path
            d="M504.717 320H211.572l6.545 32h268.418c15.401 0 26.816 14.301 23.403 29.319l-5.517 24.276C523.112 414.668 536 433.828 536 456c0 31.202-25.519 56.444-56.824 55.994-29.823-.429-54.35-24.631-55.155-54.447-.44-16.287 6.085-31.049 16.803-41.548H231.176C241.553 426.165 248 440.326 248 456c0 31.813-26.528 57.431-58.67 55.938-28.54-1.325-51.751-24.385-53.251-52.917-1.158-22.034 10.436-41.455 28.051-51.586L93.883 64H24C10.745 64 0 53.255 0 40V24C0 10.745 10.745 0 24 0h102.529c11.401 0 21.228 8.021 23.513 19.19L159.208 64H551.99c15.401 0 26.816 14.301 23.403 29.319l-47.273 208C525.637 312.246 515.923 320 504.717 320zM408 168h-48v-40c0-8.837-7.163-16-16-16h-16c-8.837 0-16 7.163-16 16v40h-48c-8.837 0-16 7.163-16 16v16c0 8.837 7.163 16 16 16h48v40c0 8.837 7.163 16 16 16h16c8.837 0 16-7.163 16-16v-40h48c8.837 0 16-7.163 16-16v-16c0-8.837-7.163-16-16-16z"
            fill="currentColor"
          />
        </svg>
      </div>
      <svg
        aria-hidden="true"
        className="c6 c7"
        color="primary"
        fill="currentColor"
        focusable="false"
        onClick={[Function]}
        viewBox="0 0 24 24"
        xmlns="http://www.w3.org/2000/svg"
      >
        <path
          d="M0 0h24v24H0V0z"
          fill="none"
        />
        <path
          d="M6 21h12V7H6v14zm2.46-9.12l1.41-1.41L12 12.59l2.12-2.12 1.41 1.41L13.41 14l2.12 2.12-1.41 1.41L12 15.41l-2.12 2.12-1.41-1.41L10.59 14l-2.13-2.12zM15.5 4l-1-1h-5l-1 1H5v2h14V4h-3.5z"
        />
      </svg>
    </div>
  </div>
  <div
    className="undefined wishlistItem"
    onClick={[Function]}
  >
    <div
      className="wishlistItem__imageWrapper"
    >
      <img
        alt="Huge sombrero"
        className="c0"
        src="https://cdn.pixabay.com/photo/2015/12/08/01/04/sombrero-1082322_1280.jpg"
      />
    </div>
    <div
      className="wishlistItem__textWrapper"
    >
      <p
        className="c1"
      >
        Huge sombrero
      </p>
      <p
        className="c2"
      >
        30.99 EUR
      </p>
      <div
        className="c3 wishlistItem__cartIcon undefined"
        width={32}
      >
        <svg
          aria-hidden="true"
          className="c4 c5 cartIconContainer--nolabel"
          color="primary"
          fill="currentColor"
          focusable="false"
          onClick={[Function]}
          viewBox="0 0 576 512"
          width={32}
          xmlns="http://www.w3.org/2000/svg"
        >
          <path
            d="M504.717 320H211.572l6.545 32h268.418c15.401 0 26.816 14.301 23.403 29.319l-5.517 24.276C523.112 414.668 536 433.828 536 456c0 31.202-25.519 56.444-56.824 55.994-29.823-.429-54.35-24.631-55.155-54.447-.44-16.287 6.085-31.049 16.803-41.548H231.176C241.553 426.165 248 440.326 248 456c0 31.813-26.528 57.431-58.67 55.938-28.54-1.325-51.751-24.385-53.251-52.917-1.158-22.034 10.436-41.455 28.051-51.586L93.883 64H24C10.745 64 0 53.255 0 40V24C0 10.745 10.745 0 24 0h102.529c11.401 0 21.228 8.021 23.513 19.19L159.208 64H551.99c15.401 0 26.816 14.301 23.403 29.319l-47.273 208C525.637 312.246 515.923 320 504.717 320zM408 168h-48v-40c0-8.837-7.163-16-16-16h-16c-8.837 0-16 7.163-16 16v40h-48c-8.837 0-16 7.163-16 16v16c0 8.837 7.163 16 16 16h48v40c0 8.837 7.163 16 16 16h16c8.837 0 16-7.163 16-16v-40h48c8.837 0 16-7.163 16-16v-16c0-8.837-7.163-16-16-16z"
            fill="currentColor"
          />
        </svg>
      </div>
      <svg
        aria-hidden="true"
        className="c6 c7"
        color="primary"
        fill="currentColor"
        focusable="false"
        onClick={[Function]}
        viewBox="0 0 24 24"
        xmlns="http://www.w3.org/2000/svg"
      >
        <path
          d="M0 0h24v24H0V0z"
          fill="none"
        />
        <path
          d="M6 21h12V7H6v14zm2.46-9.12l1.41-1.41L12 12.59l2.12-2.12 1.41 1.41L13.41 14l2.12 2.12-1.41 1.41L12 15.41l-2.12 2.12-1.41-1.41L10.59 14l-2.13-2.12zM15.5 4l-1-1h-5l-1 1H5v2h14V4h-3.5z"
        />
      </svg>
    </div>
  </div>
  <div
    className="undefined wishlistItem"
    onClick={[Function]}
  >
    <div
      className="wishlistItem__imageWrapper"
    >
      <img
        alt="Hunter hat"
        className="c0"
        src="https://cdn.pixabay.com/photo/2016/11/18/14/15/forest-1834831_1280.jpg"
      />
    </div>
    <div
      className="wishlistItem__textWrapper"
    >
      <p
        className="c1"
      >
        Hunter hat
      </p>
      <p
        className="c2"
      >
        23.50 EUR
      </p>
      <div
        className="c3 wishlistItem__cartIcon undefined"
        width={32}
      >
        <svg
          aria-hidden="true"
          className="c4 c5 cartIconContainer--nolabel"
          color="primary"
          fill="currentColor"
          focusable="false"
          onClick={[Function]}
          viewBox="0 0 576 512"
          width={32}
          xmlns="http://www.w3.org/2000/svg"
        >
          <path
            d="M504.717 320H211.572l6.545 32h268.418c15.401 0 26.816 14.301 23.403 29.319l-5.517 24.276C523.112 414.668 536 433.828 536 456c0 31.202-25.519 56.444-56.824 55.994-29.823-.429-54.35-24.631-55.155-54.447-.44-16.287 6.085-31.049 16.803-41.548H231.176C241.553 426.165 248 440.326 248 456c0 31.813-26.528 57.431-58.67 55.938-28.54-1.325-51.751-24.385-53.251-52.917-1.158-22.034 10.436-41.455 28.051-51.586L93.883 64H24C10.745 64 0 53.255 0 40V24C0 10.745 10.745 0 24 0h102.529c11.401 0 21.228 8.021 23.513 19.19L159.208 64H551.99c15.401 0 26.816 14.301 23.403 29.319l-47.273 208C525.637 312.246 515.923 320 504.717 320zM408 168h-48v-40c0-8.837-7.163-16-16-16h-16c-8.837 0-16 7.163-16 16v40h-48c-8.837 0-16 7.163-16 16v16c0 8.837 7.163 16 16 16h48v40c0 8.837 7.163 16 16 16h16c8.837 0 16-7.163 16-16v-40h48c8.837 0 16-7.163 16-16v-16c0-8.837-7.163-16-16-16z"
            fill="currentColor"
          />
        </svg>
      </div>
      <svg
        aria-hidden="true"
        className="c6 c7"
        color="primary"
        fill="currentColor"
        focusable="false"
        onClick={[Function]}
        viewBox="0 0 24 24"
        xmlns="http://www.w3.org/2000/svg"
      >
        <path
          d="M0 0h24v24H0V0z"
          fill="none"
        />
        <path
          d="M6 21h12V7H6v14zm2.46-9.12l1.41-1.41L12 12.59l2.12-2.12 1.41 1.41L13.41 14l2.12 2.12-1.41 1.41L12 15.41l-2.12 2.12-1.41-1.41L10.59 14l-2.13-2.12zM15.5 4l-1-1h-5l-1 1H5v2h14V4h-3.5z"
        />
      </svg>
    </div>
  </div>
</div>
`;
