// Jest Snapshot v1, https://goo.gl/fbAQLP

exports[`<Drawer /> should render corectly 1`] = `
Array [
  .c0 {
  position: fixed;
  top: 0;
  bottom: 0;
  left: 0;
  right: 0;
  background-color: #d9d9d9;
  opacity: 0.3;
  -webkit-transition: opacity .3s ease-in;
  transition: opacity .3s ease-in;
  display: none;
}

<div
    className="c0"
  />,
  .c0 {
  background-color: #ffffff;
  color: #000000;
  position: fixed;
  top: 0;
  right: 0;
  bottom: 0;
  width: 40%;
  height: medium;
  -webkit-transform: translateX(100%);
  -ms-transform: translateX(100%);
  transform: translateX(100%);
  -webkit-transition: -webkit-transform 0.2s ease-out;
  -webkit-transition: transform 0.2s ease-out;
  transition: transform 0.2s ease-out;
  overflow-x: hidden;
  overflow-y: scroll;
  box-shadow: 0px 0px 10px rgba(0,0,0,0.12);
}

<div
    className="c0"
    color="primary"
    size="medium"
  />,
]
`;
