// Jest Snapshot v1, https://goo.gl/fbAQLP

exports[`AutocompleteOptions should render corectly 1`] = `
.c0 {
  width: 100%;
  height: auto;
  overflow: auto;
  box-shadow: 0px 0px 10px rgba(0,0,0,0.12);
  border-radius: 15px;
  padding: 0px;
  margin: 0px;
}

.c1 {
  list-style-type: none;
  padding: 15px;
  cursor: pointer;
}

<ul
  className="c0"
>
  <li
    className="c1"
    onMouseEnter={[Function]}
  >
    Papaya
  </li>
  <li
    className="c1"
    onMouseEnter={[Function]}
  >
    Apple
  </li>
  <li
    className="c1"
    onMouseEnter={[Function]}
  >
    Pear
  </li>
  <li
    className="c1"
    onMouseEnter={[Function]}
  >
    Peach
  </li>
  <li
    className="c1"
    onMouseEnter={[Function]}
  >
    Pomegranate
  </li>
  <li
    className="c1"
    onMouseEnter={[Function]}
  >
    Pineapple
  </li>
  <li
    className="c1"
    onMouseEnter={[Function]}
  >
    Banana
  </li>
</ul>
`;
