// Jest Snapshot v1, https://goo.gl/fbAQLP

exports[`Input Component should render correctly 1`] = `
.c0 {
  display: -webkit-box;
  display: -webkit-flex;
  display: -ms-flexbox;
  display: flex;
  -webkit-align-items: flex-start;
  -webkit-box-align: flex-start;
  -ms-flex-align: flex-start;
  align-items: flex-start;
  -webkit-box-pack: start;
  -webkit-justify-content: flex-start;
  -ms-flex-pack: start;
  justify-content: flex-start;
  width: undefinedpx;
}

<div
  className="c0"
  onChanege={[Function]}
  placeholder="test"
/>
`;
