// Jest Snapshot v1, https://goo.gl/fbAQLP

exports[`renders learn react link 1`] = `
<div
  class="App"
>
  <button
    class="sc-AxjAm fAnOva"
  >
    some button
  </button>
</div>
`;
