// Jest Snapshot v1, https://goo.gl/fbAQLP

exports[`Image component should render correctly 1`] = `
.c0 {
  object-fit: cover;
  width: 100%;
  height: 100%;
}

<img
  alt="placeholder"
  className="c0"
  src="https://via.placeholder.com/150"
/>
`;
